# @generated by generate_proto_mypy_stubs.py.  Do not edit!
from google.protobuf.message import (
    Message,
)

from typing import (
    List,
    Tuple,
    cast,
)

class OuterEnum3(int):
    @classmethod
    def Name(cls, number: int) -> str: ...
    @classmethod
    def Value(cls, name: str) -> int: ...
    @classmethod
    def keys(cls) -> List[str]: ...
    @classmethod
    def values(cls) -> List[int]: ...
    @classmethod
    def items(cls) -> List[Tuple[str, int]]: ...
UNKNOWN = cast(OuterEnum3, 0)
FOO3 = cast(OuterEnum3, 1)
BAR3 = cast(OuterEnum3, 2)
